<tal:block metal:use-macro="here/templates/macros/page2">
<tal:block metal:fill-slot="contentPane">

<tal:block 
    tal:define="tableName string:bladeserverList;
    objects python:reduce(lambda x, y: x+y,map(lambda x: x.bladeservers(), here.getDmdRoot('Devices').BladeChassis.HPBladeChassis.getSubDevices()),[]);
    tabletitle string:blade server Information;
    batch python:here.ZenTableManager.getBatch(tableName,objects)">
<tal:block metal:use-macro="here/zenuimacros/macros/zentable">

<tal:block metal:fill-slot="zentablecontents">
<!-- BEGIN TABLE CONTENTS -->
    <tr>
        <th tal:replace="structure python:here.ZenTableManager.getTableHeader(tableName,'bsPosition', 'Position')"/>
        <th tal:replace="structure python:here.ZenTableManager.getTableHeader(tableName,'bsDisplayName','Name', 'nocase')"/>
        <th tal:replace="structure python:here.ZenTableManager.getTableHeader(tableName,'bsProductId','Product Id')"/>
        <th tal:replace="structure python:here.ZenTableManager.getTableHeader(tableName,'bsSerialNum','Serial #')"/>
        <th tal:replace="structure python:here.ZenTableManager.getTableHeader(tableName,'bsCPUType','CPU Type')"/>
        <th tal:replace="structure python:here.ZenTableManager.getTableHeader(tableName,'bsCPUCount','CPUs')"/>
        <th tal:replace="structure python:here.ZenTableManager.getTableHeader(tableName,'bsInstalledRam','RAM')"/>
        <th tal:replace="structure python:here.ZenTableManager.getTableHeader(tableName,'bsPartNumber','Part Number')"/>
        <th tal:replace="structure python:here.ZenTableManager.getTableHeader(tableName,'bsIloFirmwareVersion','ILO Firmware')"/>
        <th tal:replace="structure python:here.ZenTableManager.getTableHeader(tableName,'bsIloIp','ILO Ip Address')"/>
        <th tal:replace="structure python:here.ZenTableManager.getTableHeader(tableName,'bsNic1Mac','Eth0 MAC')"/>
        <th tal:replace="structure python:here.ZenTableManager.getTableHeader(tableName,'bsNic2Mac','Eth1 MAC')"/>
    </tr>
    <tal:block tal:repeat="gd batch">
    <tr>
        <td class="tablevalues" tal:content="gd/bsPosition"/>
        <td class="tablevalues" tal:content="gd/bsDisplayName"/>
        <td class="tablevalues" tal:content="gd/bsProductId"/>
        <td class="tablevalues" tal:content="gd/bsSerialNum"/>
        <td class="tablevalues" tal:content="gd/bsCPUType"/>
        <td class="tablevalues" tal:content="gd/bsCPUCount"/>
        <td class="tablevalues" tal:content="gd/bsInstalledRam"/>
        <td class="tablevalues" tal:content="gd/bsPartNumber"/>
        <td class="tablevalues" tal:content="gd/bsIloFirmwareVersion"/>
        <td class="tablevalues" tal:content="gd/bsIloIp"/>
        <td class="tablevalues" tal:content="gd/bsNic1Mac"/>
        <td class="tablevalues" tal:content="gd/bsNic2Mac"/>
    </tr>
    </tal:block>
    <tr>
        <td colspan="8" class="tableheader" align='center'>
        <form metal:use-macro="here/zenTableNavigation/macros/navtool"></form>
        </td>
    </tr>
<!-- END TABLE CONTENTS -->
</tal:block>

</tal:block>
</tal:block>

</tal:block>
</tal:block>
