<tal:block metal:use-macro="here/templates/macros/page2">
<tal:block metal:fill-slot="contentPane">

<tal:block 
    tal:define="tableName string:libvirtguestsList;
    objects python:reduce(lambda x, y: x+y,map(lambda x: x.libvirtguests(), here.getDmdRoot('Devices').Server.libvirtHost.getSubDevices()));
    tabletitle string:libvirt Guest Information;
    batch python:here.ZenTableManager.getBatch(tableName,objects)">
<tal:block metal:use-macro="here/zenuimacros/macros/zentable">

<tal:block metal:fill-slot="zentablecontents">
<!-- BEGIN TABLE CONTENTS -->
    <tr>
        <th tal:replace="structure python:here.ZenTableManager.getTableHeader(tableName,'lvDisplayName','Name')"/>
        <th tal:replace="structure python:here.ZenTableManager.getTableHeader(tableName,'libvirthost','Host')"/>
        <th tal:replace="structure python:here.ZenTableManager.getTableHeader(tableName,'HostType','HostType')"/>
        <th tal:replace="structure python:here.ZenTableManager.getTableHeader(tableName,'lvState','State')"/>
        <th tal:replace="structure python:here.ZenTableManager.getTableHeader(tableName,'lvMaxMemory','MaxMemory')"/>
        <th tal:replace="structure python:here.ZenTableManager.getTableHeader(tableName,'lvNumberVirtCPUs','VirtCPUs')"/>
        <th tal:replace="structure python:here.ZenTableManager.getTableHeader(tableName,'lvOSType','OSType')"/>
        <th tal:replace="structure python:here.ZenTableManager.getTableHeader(tableName,'lvUUIDString','UUID')"/>
    </tr>
    <tal:block tal:repeat="gd batch">
    <tr>
        <td class="tablevalues" tal:content="structure python:gd.urlLink()"/>
        <td class="tablevalues" tal:content="structure python:gd.libvirthost().urlLink()"/>
        <td class="tablevalues" tal:content="structure python:gd.libvirthost.getVirtHostType()"/>
        <td class="tablevalues" tal:content="structure python:gd.getStateString()"/>
        <td class="tablevalues" tal:content="gd/lvMaxMemory"/>
        <td class="tablevalues" tal:content="gd/lvNumberVirtCPUs"/>
        <td class="tablevalues" tal:content="gd/lvOSType"/>
        <td class="tablevalues" tal:content="gd/lvUUIDString"/>
    </tr>
    </tal:block>
    <tr>
        <td colspan="8" class="tableheader" align='center'>
        <form metal:use-macro="here/zenTableNavigation/macros/navtool"></form>
        </td>
    </tr>
<!-- END TABLE CONTENTS -->
</tal:block>

</tal:block>
</tal:block>

</tal:block>
</tal:block>
