<tal:block tal:define="
        objects python:[card for card in here.getDmdRoot('Devices').getMonitoredComponents() if card.factory_type_information[0].get('id', '') == 'DellStorageCntlr'];
        tableName string: storagecntlrs;
        batch python:here.ZenTableManager.getBatch(tableName,objects);
        exportFields python:[('getParentDeviceName','Device'), 
                            ('slot','Slot'), 
                            ('name','Component'), 
                            ('getProductLink', 'Model'),
                            ('controllerType', 'Type'),
                            ('cacheSize', 'Cache'),
                            ('FWRev','Firmware'),
                            ('SWVer','Driver'),
                            ];">
<tal:block metal:use-macro="here/reportMacros/macros/exportableReport">
<tal:block metal:fill-slot="report">

<tal:block metal:use-macro="here/templates/macros/page1">
<tal:block metal:fill-slot="breadCrumbPane">
    <span metal:use-macro="here/miscmacros/macros/reportBreadCrumbsList"/>    
</tal:block>
<tal:block metal:fill-slot="contentPane">

<form method="POST" tal:attributes="action request/URL;"
                        tal:define="tabletitle string:Storage Controllers;
                        showfilterbox python:True;
                        tblcolspan string:8">
<tal:block metal:use-macro="here/zenuimacros/macros/zentable">
<tal:block metal:fill-slot="zentablecontents">

    <tr>
        <th tal:replace="structure python:here.ZenTableManager.getTableHeader(
                            tableName,'hostname','Device')"/>
        <th tal:replace="structure python:here.ZenTableManager.getTableHeader(
                            tableName,'slot','Slot')"/>
        <th tal:replace="structure python:here.ZenTableManager.getTableHeader(
                            tableName,'name','Component')"/>
        <th tal:replace="structure python:here.ZenTableManager.getTableHeader(
                            tableName,'getProductLink','Model')"/>
        <th tal:replace="structure python:here.ZenTableManager.getTableHeader(
                            tableName,'controllerType','Type')"/>
        <th tal:replace="structure python:here.ZenTableManager.getTableHeader(
                            tableName,'cacheSize','Cache')"/>
        <th tal:replace="structure python:here.ZenTableManager.getTableHeader(
                            tableName,'FWRev','Firmware')"/>
        <th tal:replace="structure python:here.ZenTableManager.getTableHeader(
                            tableName,'SWVer','Driver')"/>
    </tr>
    <tr tal:repeat="comp batch">
        <td class="tablevalues" 
          tal:content="structure comp/getDeviceLink"/>
        <td class="tablevalues" tal:content="comp/slot"/>
        <td class="tablevalues">
            <a class="tablevalues" tal:attributes="href comp/getPrimaryUrlPath"
                tal:content="comp/name">smtp</a>
        </td>
        <td class="tablevalues" tal:content="structure comp/getProductLink"/>
        <td class="tablevalues" tal:content="comp/controllerType"/>
        <td class="tablevalues" tal:content="comp/cacheSizeString"/>
        <td class="tablevalues" tal:content="comp/FWRev"/>
        <td class="tablevalues" tal:content="comp/SWVer"/>
    </tr>
    <tr>
        <td colspan="8" class="tableheader" align='center'>
        <form metal:use-macro="here/zenTableNavigation/macros/navtool"/>
        </td>
    </tr>

</tal:block>
</tal:block>
</form>

</tal:block>
</tal:block>

</tal:block>
</tal:block>
</tal:block>
