<tal:block tal:define="
        objectsTemp1 python:[ d.guestDevices() for d in getattr(here.dmd.Devices.Server, 'Virtual Machine Host').Xen.getSubDevices() if d.hasObject('guestDevices') and len(d.guestDevices()) != 0 ];
        objects python:[];
        objectsTemp2 python:[ objects.extend(v) for v in objectsTemp1 ];
    objects python: (hasattr(request, 'doExport') and list(objects)) or objects;
        tableName string: vmList;
        batch python:here.ZenTableManager.getBatch(tableName,objects,
                                sortedHeader='displayName');
        exportFields python:[('displayName','Name'),('memory','Memory'),('operStatus','Status')]
">
<tal:block metal:use-macro="here/reportMacros/macros/exportableReport">
<tal:block metal:fill-slot="report">
        <tal:block metal:use-macro="here/templates/macros/page1">
        <tal:block metal:fill-slot="breadCrumbPane">
          <span metal:use-macro="here/miscmacros/macros/reportBreadCrumbsList"/>
        </tal:block>
        <tal:block metal:fill-slot="contentPane">
                <form method="POST" tal:attributes="action request/URL;"
                        tal:define="tabletitle string: Virtual Machine List;
                        showfilterbox python:True;
                        tblcolspan string:3">
                <tal:block metal:use-macro="here/zenuimacros/macros/zentable">
                <tal:block metal:fill-slot="zentablecontents">
<tr>
    <th tal:replace="structure python:here.ZenTableManager.getTableHeader(
                        tableName,'displayName','Name','cmp')"/>
    <th tal:replace="structure python:here.ZenTableManager.getTableHeader(
                        tableName,'memory','Memory (MB)','cmp')"/>
    <th tal:replace="structure python:here.ZenTableManager.getTableHeader(
                        tableName,'getParentDeviceName','VM Host','cmp')"/>
</tr>
    <tal:block tal:repeat="r batch">
        <tr tal:define="odd repeat/r/odd; link r/managedDeviceLink; hostLink r/getParentDeviceUrl"
            tal:attributes="class python:test(odd,'odd','even')">
           <td class="tablevalues">
               <span tal:content="structure r/urlLink"/>
               <span tal:condition="link" tal:omit-tag>
                   (<span tal:replace="structure r/managedDeviceLink"/>)
               </span>
           </td>
           <td class="tablevalues" tal:content="r/memory"/>
           <td><a tal:attributes="href r/getParentDeviceUrl"
                  tal:content="r/getParentDeviceName"/>

        </tr>
    </tal:block>
    <tr>
        <td colspan="0" class="tableheader" align='center'>
        <form metal:use-macro="here/zenTableNavigation/macros/navtool"/>
        </td>
    </tr>
</tal:block>
</tal:block>
</form>

</tal:block>

</tal:block>
</tal:block>
</tal:block>
</tal:block>
