<tal:block tal:define="
        objects python:[card for card in here.getDmdRoot('Devices').CIM.HPEVA.getMonitoredComponents() if card.meta_type == 'HPEVADiskDrive'];
        tableName string: diskdrives;
        batch python:here.ZenTableManager.getBatch(tableName,objects);
        exportFields python:[('getParentDeviceName','Device'),
	                    ('getEnclosureName', 'Enclosure'), 
                            ('bay','Bay'), 
	                    ('getStoragePoolName', 'Disk Group'), 
                            ('description','Disk'), 
                            ('wwn','WWN'), 
                            ('getProductLink', 'Model'),
                            ('sizeString','Size'), 
                            ('diskType','Type'), 
                            ('serialNumber', 'Serial Number'),
                            ('FWRev','Firmware')];">
<tal:block metal:use-macro="here/reportMacros/macros/exportableReport">
<tal:block metal:fill-slot="report">

<tal:block metal:use-macro="here/templates/macros/page1">
<tal:block metal:fill-slot="breadCrumbPane">
    <span metal:use-macro="here/miscmacros/macros/reportBreadCrumbsList"/>    
</tal:block>
<tal:block metal:fill-slot="contentPane">

<form method="POST" tal:attributes="action request/URL;"
                        tal:define="tabletitle string:Disk Drives;
                        showfilterbox python:True;
                        tblcolspan string:11">
<tal:block metal:use-macro="here/zenuimacros/macros/zentable">
<tal:block metal:fill-slot="zentablecontents">

    <tr>
        <th tal:replace="structure python:here.ZenTableManager.getTableHeader(
                            tableName,'hostname','Device')"/>
        <th tal:replace="structure python:here.ZenTableManager.getTableHeader(
                            tableName,'getEnclosureName','Enclosure')"/>
        <th tal:replace="structure python:here.ZenTableManager.getTableHeader(
                            tableName,'bay','Bay')"/>
        <th tal:replace="structure python:here.ZenTableManager.getTableHeader(
                            tableName,'getStoragePoolName','Disk Group')"/>
        <th tal:replace="structure python:here.ZenTableManager.getTableHeader(
                            tableName,'description','Disk')"/>
        <th tal:replace="structure python:here.ZenTableManager.getTableHeader(
                            tableName,'wwn','WWN')"/>
        <th tal:replace="structure python:here.ZenTableManager.getTableHeader(
                            tableName,'getProductLink','Model')"/>
        <th tal:replace="structure python:here.ZenTableManager.getTableHeader(
                            tableName,'sizeString','Size')"/>
        <th tal:replace="structure python:here.ZenTableManager.getTableHeader(
                            tableName,'diskType','Type')"/>
        <th tal:replace="structure python:here.ZenTableManager.getTableHeader(
                            tableName,'serialNumber','Serial Number')"/>
        <th tal:replace="structure python:here.ZenTableManager.getTableHeader(
                            tableName,'FWRev','Firmware')"/>
    </tr>
    <tr tal:repeat="comp batch">
        <td class="tablevalues" 
          tal:content="structure comp/getDeviceLink"/>
        <td class="tablevalues" tal:content="comp/getEnclosureName"/>
        <td class="tablevalues" tal:content="comp/bay"/>
        <td class="tablevalues" tal:content="comp/getStoragePoolName"/>
        <td class="tablevalues">
            <a class="tablevalues" tal:attributes="href comp/getPrimaryUrlPath"
                tal:content="comp/description">smtp</a>
        </td>
        <td class="tablevalues" tal:content="comp/wwn"/>
        <td class="tablevalues" tal:content="structure comp/getProductLink"/>
        <td class="tablevalues" tal:content="comp/sizeString"/>
        <td class="tablevalues" tal:content="comp/diskType"/>
        <td class="tablevalues" tal:content="comp/serialNumber"/>
        <td class="tablevalues" tal:content="comp/FWRev"/>
    </tr>
    <tr>
        <td colspan="11" class="tableheader" align='center'>
        <form metal:use-macro="here/zenTableNavigation/macros/navtool"/>
        </td>
    </tr>

</tal:block>
</tal:block>
</form>

</tal:block>
</tal:block>

</tal:block>
</tal:block>
</tal:block>
